
> pokemon-profit-intelligence@0.1.0 build
> next build

   ? Next.js 15.5.15
   - Environments: .env

   Creating an optimized production build ...
System.Management.Automation.RemoteException
> Build error occurred
[Error: spawn EPERM] { errno: -4048, code: 'EPERM', syscall: 'spawn' }
